// Jest Snapshot v1, https://goo.gl/fbAQLP

exports[`Header Component render 1`] = `
<div
  className={
    Array [
      "header",
    ]
  }
>
  <div
    className="content"
  >
    YOLO
  </div>
</div>
`;
