// Jest Snapshot v1, https://goo.gl/fbAQLP

exports[`Modal Component render 1`] = `null`;
