// Jest Snapshot v1, https://goo.gl/fbAQLP

exports[`RadioButtonGroup Component render 1`] = `<div />`;
