// Jest Snapshot v1, https://goo.gl/fbAQLP

exports[`Rule Component render 1`] = `
<hr
  className="wrapper"
  data-type="solid"
/>
`;
