// Jest Snapshot v1, https://goo.gl/fbAQLP

exports[`Toggle Component render 1`] = `
<ul
  className="toggleWrapper"
  role="tablist"
/>
`;
